--- AI Connection Test ---
Using API Key (first 5 chars): AIzaS...
Model: googleai/gemini-2.5-flash
node.exe : GenkitError: IN
VALID_ARGUMENT: Error fetc
hing from https://generati
velanguage.googleapis.com/
v1beta/models/gemini-2.5-f
lash:generateContent: [400
 Bad Request] API key not 
valid. Please pass a valid
 API key.
위치 줄:1 문자:1
+ & "C:\Program Files\node
js/node.exe" "C:\Program F
iles\nodejs/node_mo ...
+ ~~~~~~~~~~~~~~~~~~~~~~~~
~~~~~~~~~~~~~~~~~~~~~~~~~~
~~~~~~~~~~~~~~~~~~~
    + CategoryInfo        
      : NotSpecified: (G  
  enkitError: IN... val   
 id API key.:String) [    
], RemoteException
    + FullyQualifiedError 
   Id : NativeCommandErr  
  or
 
    at makeRequest (C:\Use
rs\krhd1\Desktop\vibecodin
g\daker.hackathon\node_mod
ules\@genkit-ai\google-gen
ai\src\googleai\client.ts:
483:13)
    at process.processTick
sAndRejections (node:inter
nal/process/task_queues:10
5:5)
    at async generateConte
nt (C:\Users\krhd1\Desktop
\vibecoding\daker.hackatho
n\node_modules\@genkit-ai\
google-genai\src\googleai\
client.ts:197:20)
    at async callGemini (C
:\Users\krhd1\Desktop\vibe
coding\daker.hackathon\nod
e_modules\@genkit-ai\googl
e-genai\src\googleai\gemin
i.ts:856:22)
    at async <anonymous> (
C:\Users\krhd1\Desktop\vib
ecoding\daker.hackathon\no
de_modules\@genkit-ai\goog
le-genai\src\googleai\gemi
ni.ts:919:11)
    at async <anonymous> (
C:\Users\krhd1\Desktop\vib
ecoding\daker.hackathon\no
de_modules\@genkit-ai\core
\src\action.ts:407:26)
    at async <anonymous> (
C:\Users\krhd1\Desktop\vib
ecoding\daker.hackathon\no
de_modules\@genkit-ai\core
\src\tracing\instrumentati
on.ts:142:24)
    at async runInNewSpan 
(C:\Users\krhd1\Desktop\vi
becoding\daker.hackathon\n
ode_modules\@genkit-ai\cor
e\src\tracing\instrumentat
ion.ts:110:10)
    at async AsyncFunction
.actionFn.run (C:\Users\kr
hd1\Desktop\vibecoding\dak
er.hackathon\node_modules\
@genkit-ai\core\src\action
.ts:355:18)
    at async dispatch (C:\
Users\krhd1\Desktop\vibeco
ding\daker.hackathon\node_
modules\@genkit-ai\core\sr
c\action.ts:277:24) {
  source: undefined,
  status: 'INVALID_ARGUMEN
T',
  detail: {
    error: {
      code: 400,
      message: 'API key no
t valid. Please pass a val
id API key.',
      status: 'INVALID_ARG
UMENT',
      details: [Array]
    }
  },
  code: 400,
  originalMessage: 'Error 
fetching from https://gene
rativelanguage.googleapis.
com/v1beta/models/gemini-2
.5-flash:generateContent: 
[400 Bad Request] API key 
not valid. Please pass a v
alid API key.'
}
--- Test Failed ---
Error Message: INVALID_ARG
UMENT: Error fetching from
 https://generativelanguag
e.googleapis.com/v1beta/mo
dels/gemini-2.5-flash:gene
rateContent: [400 Bad Requ
est] API key not valid. Pl
ease pass a valid API key.
Stack Trace: GenkitError: 
INVALID_ARGUMENT: Error fe
tching from https://genera
tivelanguage.googleapis.co
m/v1beta/models/gemini-2.5
-flash:generateContent: [4
00 Bad Request] API key no
t valid. Please pass a val
id API key.
    at makeRequest (C:\Use
rs\krhd1\Desktop\vibecodin
g\daker.hackathon\node_mod
ules\@genkit-ai\google-gen
ai\src\googleai\client.ts:
483:13)
    at process.processTick
sAndRejections (node:inter
nal/process/task_queues:10
5:5)
    at async generateConte
nt (C:\Users\krhd1\Desktop
\vibecoding\daker.hackatho
n\node_modules\@genkit-ai\
google-genai\src\googleai\
client.ts:197:20)
    at async callGemini (C
:\Users\krhd1\Desktop\vibe
coding\daker.hackathon\nod
e_modules\@genkit-ai\googl
e-genai\src\googleai\gemin
i.ts:856:22)
    at async <anonymous> (
C:\Users\krhd1\Desktop\vib
ecoding\daker.hackathon\no
de_modules\@genkit-ai\goog
le-genai\src\googleai\gemi
ni.ts:919:11)
    at async <anonymous> (
C:\Users\krhd1\Desktop\vib
ecoding\daker.hackathon\no
de_modules\@genkit-ai\core
\src\action.ts:407:26)
    at async <anonymous> (
C:\Users\krhd1\Desktop\vib
ecoding\daker.hackathon\no
de_modules\@genkit-ai\core
\src\tracing\instrumentati
on.ts:142:24)
    at async runInNewSpan 
(C:\Users\krhd1\Desktop\vi
becoding\daker.hackathon\n
ode_modules\@genkit-ai\cor
e\src\tracing\instrumentat
ion.ts:110:10)
    at async AsyncFunction
.actionFn.run (C:\Users\kr
hd1\Desktop\vibecoding\dak
er.hackathon\node_modules\
@genkit-ai\core\src\action
.ts:355:18)
    at async dispatch (C:\
Users\krhd1\Desktop\vibeco
ding\daker.hackathon\node_
modules\@genkit-ai\core\sr
c\action.ts:277:24)
