src/data/seed.ts(10,8): error TS2307: Cannot find module '@/types' or its corresponding type declarations.
